src/line/templates/dashboard.ts(64,37): error TS2322: Type '{ type: "box"; layout: "vertical"; width: string; backgroundColor: string; height: string; cornerRadius: string; }' is not assignable to type 'FlexComponent'.
  Type '{ type: "box"; layout: "vertical"; width: string; backgroundColor: string; height: string; cornerRadius: string; }' is not assignable to type 'FlexBox'.
    Property 'contents' is missing in type '{ type: "box"; layout: "vertical"; width: string; backgroundColor: string; height: string; cornerRadius: string; }' but required in type '{ type: "box"; layout: LayoutEnum; flex?: number | undefined; contents: FlexComponent[]; spacing?: string | undefined; margin?: string | undefined; position?: PositionEnum | undefined; ... 20 more ...; background?: FlexBoxLinearGradient | undefined; }'.
src/line/templates/dashboard.ts(65,37): error TS2322: Type '{ type: "box"; layout: "vertical"; width: string; backgroundColor: string; height: string; cornerRadius: string; position: "absolute"; }' is not assignable to type 'FlexComponent'.
  Type '{ type: "box"; layout: "vertical"; width: string; backgroundColor: string; height: string; cornerRadius: string; position: "absolute"; }' is not assignable to type 'FlexBox'.
    Property 'contents' is missing in type '{ type: "box"; layout: "vertical"; width: string; backgroundColor: string; height: string; cornerRadius: string; position: "absolute"; }' but required in type '{ type: "box"; layout: LayoutEnum; flex?: number | undefined; contents: FlexComponent[]; spacing?: string | undefined; margin?: string | undefined; position?: PositionEnum | undefined; ... 20 more ...; background?: FlexBoxLinearGradient | undefined; }'.
src/line/templates/practice.ts(55,25): error TS2322: Type '{ type: string; action: { type: string; label: string; data: string; }; style: string; margin: string; }[]' is not assignable to type 'FlexComponent[]'.
  Type '{ type: string; action: { type: string; label: string; data: string; }; style: string; margin: string; }' is not assignable to type 'FlexComponent'.
    Type '{ type: string; action: { type: string; label: string; data: string; }; style: string; margin: string; }' is not assignable to type 'FlexText'.
      Type '{ type: string; action: { type: string; label: string; data: string; }; style: string; margin: string; }' is not assignable to type '{ type: "text"; flex?: number | undefined; text?: string | undefined; size?: string | undefined; align?: AlignEnum | undefined; gravity?: GravityEnum | undefined; ... 16 more ...; scaling?: boolean | undefined; }'.
        Types of property 'type' are incompatible.
          Type 'string' is not assignable to type '"text"'.
src/line/templates/profile.ts(45,21): error TS2322: Type '{ type: string; layout: string; margin: string; contents: ({ type: string; text: string; color: string; size: string; flex: number; wrap?: undefined; align?: undefined; action?: undefined; } | { type: string; ... 6 more ...; action?: undefined; } | { ...; })[]; }' is not assignable to type 'FlexComponent'.
  Type '{ type: string; layout: string; margin: string; contents: ({ type: string; text: string; color: string; size: string; flex: number; wrap?: undefined; align?: undefined; action?: undefined; } | { type: string; ... 6 more ...; action?: undefined; } | { ...; })[]; }' is not assignable to type 'FlexBox'.
    Type '{ type: string; layout: string; margin: string; contents: ({ type: string; text: string; color: string; size: string; flex: number; wrap?: undefined; align?: undefined; action?: undefined; } | { type: string; ... 6 more ...; action?: undefined; } | { ...; })[]; }' is not assignable to type '{ type: "box"; layout: LayoutEnum; flex?: number | undefined; contents: FlexComponent[]; spacing?: string | undefined; margin?: string | undefined; position?: PositionEnum | undefined; ... 20 more ...; background?: FlexBoxLinearGradient | undefined; }'.
      Types of property 'type' are incompatible.
        Type 'string' is not assignable to type '"box"'.
src/line/templates/profile.ts(46,21): error TS2322: Type '{ type: string; layout: string; margin: string; contents: ({ type: string; text: string; color: string; size: string; flex: number; wrap?: undefined; align?: undefined; action?: undefined; } | { type: string; ... 6 more ...; action?: undefined; } | { ...; })[]; }' is not assignable to type 'FlexComponent'.
  Type '{ type: string; layout: string; margin: string; contents: ({ type: string; text: string; color: string; size: string; flex: number; wrap?: undefined; align?: undefined; action?: undefined; } | { type: string; ... 6 more ...; action?: undefined; } | { ...; })[]; }' is not assignable to type 'FlexBox'.
    Type '{ type: string; layout: string; margin: string; contents: ({ type: string; text: string; color: string; size: string; flex: number; wrap?: undefined; align?: undefined; action?: undefined; } | { type: string; ... 6 more ...; action?: undefined; } | { ...; })[]; }' is not assignable to type '{ type: "box"; layout: LayoutEnum; flex?: number | undefined; contents: FlexComponent[]; spacing?: string | undefined; margin?: string | undefined; position?: PositionEnum | undefined; ... 20 more ...; background?: FlexBoxLinearGradient | undefined; }'.
      Types of property 'type' are incompatible.
        Type 'string' is not assignable to type '"box"'.
src/line/templates/profile.ts(47,21): error TS2322: Type '{ type: string; layout: string; margin: string; contents: ({ type: string; text: string; color: string; size: string; flex: number; wrap?: undefined; align?: undefined; action?: undefined; } | { type: string; ... 6 more ...; action?: undefined; } | { ...; })[]; }' is not assignable to type 'FlexComponent'.
  Type '{ type: string; layout: string; margin: string; contents: ({ type: string; text: string; color: string; size: string; flex: number; wrap?: undefined; align?: undefined; action?: undefined; } | { type: string; ... 6 more ...; action?: undefined; } | { ...; })[]; }' is not assignable to type 'FlexBox'.
    Type '{ type: string; layout: string; margin: string; contents: ({ type: string; text: string; color: string; size: string; flex: number; wrap?: undefined; align?: undefined; action?: undefined; } | { type: string; ... 6 more ...; action?: undefined; } | { ...; })[]; }' is not assignable to type '{ type: "box"; layout: LayoutEnum; flex?: number | undefined; contents: FlexComponent[]; spacing?: string | undefined; margin?: string | undefined; position?: PositionEnum | undefined; ... 20 more ...; background?: FlexBoxLinearGradient | undefined; }'.
      Types of property 'type' are incompatible.
        Type 'string' is not assignable to type '"box"'.
src/line/templates/profile.ts(48,21): error TS2322: Type '{ type: string; layout: string; margin: string; contents: ({ type: string; text: string; color: string; size: string; flex: number; wrap?: undefined; align?: undefined; action?: undefined; } | { type: string; ... 6 more ...; action?: undefined; } | { ...; })[]; }' is not assignable to type 'FlexComponent'.
  Type '{ type: string; layout: string; margin: string; contents: ({ type: string; text: string; color: string; size: string; flex: number; wrap?: undefined; align?: undefined; action?: undefined; } | { type: string; ... 6 more ...; action?: undefined; } | { ...; })[]; }' is not assignable to type 'FlexBox'.
    Type '{ type: string; layout: string; margin: string; contents: ({ type: string; text: string; color: string; size: string; flex: number; wrap?: undefined; align?: undefined; action?: undefined; } | { type: string; ... 6 more ...; action?: undefined; } | { ...; })[]; }' is not assignable to type '{ type: "box"; layout: LayoutEnum; flex?: number | undefined; contents: FlexComponent[]; spacing?: string | undefined; margin?: string | undefined; position?: PositionEnum | undefined; ... 20 more ...; background?: FlexBoxLinearGradient | undefined; }'.
      Types of property 'type' are incompatible.
        Type 'string' is not assignable to type '"box"'.
src/line/templates/profile.ts(49,21): error TS2322: Type '{ type: string; layout: string; margin: string; contents: ({ type: string; text: string; color: string; size: string; flex: number; wrap?: undefined; align?: undefined; action?: undefined; } | { type: string; ... 6 more ...; action?: undefined; } | { ...; })[]; }' is not assignable to type 'FlexComponent'.
  Type '{ type: string; layout: string; margin: string; contents: ({ type: string; text: string; color: string; size: string; flex: number; wrap?: undefined; align?: undefined; action?: undefined; } | { type: string; ... 6 more ...; action?: undefined; } | { ...; })[]; }' is not assignable to type 'FlexBox'.
    Type '{ type: string; layout: string; margin: string; contents: ({ type: string; text: string; color: string; size: string; flex: number; wrap?: undefined; align?: undefined; action?: undefined; } | { type: string; ... 6 more ...; action?: undefined; } | { ...; })[]; }' is not assignable to type '{ type: "box"; layout: LayoutEnum; flex?: number | undefined; contents: FlexComponent[]; spacing?: string | undefined; margin?: string | undefined; position?: PositionEnum | undefined; ... 20 more ...; background?: FlexBoxLinearGradient | undefined; }'.
      Types of property 'type' are incompatible.
        Type 'string' is not assignable to type '"box"'.
